// Jest Snapshot v1, https://goo.gl/fbAQLP

exports[`decodeStudy 1`] = `
Object {
  "0": Object {
    "1": false,
    "2": false,
    "3": false,
    "4": false,
    "5": false,
    "6": false,
    "D5": false,
    "D6": false,
  },
  "1": Object {
    "1": false,
    "2": false,
    "3": false,
    "4": false,
    "5": false,
    "6": false,
    "D5": false,
    "D6": false,
  },
  "2": Object {
    "1": true,
    "2": true,
    "3": false,
    "4": false,
    "5": false,
    "6": false,
    "D5": false,
    "D6": false,
  },
  "3": Object {
    "1": false,
    "2": false,
    "3": false,
    "4": false,
    "5": false,
    "6": false,
    "D5": false,
    "D6": false,
  },
  "4": Object {
    "1": false,
    "2": false,
    "3": false,
    "4": false,
    "5": false,
    "6": false,
    "D5": false,
    "D6": false,
  },
  "5": Object {
    "1": true,
    "2": true,
    "3": false,
    "4": false,
    "5": false,
    "6": false,
    "D5": false,
    "D6": false,
  },
  "6": Object {
    "1": false,
    "2": false,
    "3": false,
    "4": false,
    "5": false,
    "6": false,
    "D5": false,
    "D6": true,
  },
}
`;
